Archive member included to satisfy reference by file (symbol)

c:/nxp/lpcxpresso_8.2.2_650/lpcxpresso/tools/bin/../lib/gcc/arm-none-eabi/5.4.1/../../../../arm-none-eabi/lib/armv7-m\libcr_semihost.a(_cr__main.o)
                              ./KitInfo2/cr_startup_lpc176x.o (__main)
c:/nxp/lpcxpresso_8.2.2_650/lpcxpresso/tools/bin/../lib/gcc/arm-none-eabi/5.4.1/../../../../arm-none-eabi/lib/armv7-m\libcr_c.a(fpprintf.o)
                              ./Aplicacion/AP_Mensajes.o (sprintf)
c:/nxp/lpcxpresso_8.2.2_650/lpcxpresso/tools/bin/../lib/gcc/arm-none-eabi/5.4.1/../../../../arm-none-eabi/lib/armv7-m\libcr_c.a(initio.o)
                              c:/nxp/lpcxpresso_8.2.2_650/lpcxpresso/tools/bin/../lib/gcc/arm-none-eabi/5.4.1/../../../../arm-none-eabi/lib/armv7-m\libcr_semihost.a(_cr__main.o) (_initio)
c:/nxp/lpcxpresso_8.2.2_650/lpcxpresso/tools/bin/../lib/gcc/arm-none-eabi/5.4.1/../../../../arm-none-eabi/lib/armv7-m\libcr_c.a(printf.o)
                              c:/nxp/lpcxpresso_8.2.2_650/lpcxpresso/tools/bin/../lib/gcc/arm-none-eabi/5.4.1/../../../../arm-none-eabi/lib/armv7-m\libcr_c.a(fpprintf.o) (__vfprintf)
c:/nxp/lpcxpresso_8.2.2_650/lpcxpresso/tools/bin/../lib/gcc/arm-none-eabi/5.4.1/../../../../arm-none-eabi/lib/armv7-m\libcr_c.a(scanf.o)
                              ./Aplicacion/AP_Mensajes.o (atoi)
c:/nxp/lpcxpresso_8.2.2_650/lpcxpresso/tools/bin/../lib/gcc/arm-none-eabi/5.4.1/../../../../arm-none-eabi/lib/armv7-m\libcr_c.a(setvbuf.o)
                              c:/nxp/lpcxpresso_8.2.2_650/lpcxpresso/tools/bin/../lib/gcc/arm-none-eabi/5.4.1/../../../../arm-none-eabi/lib/armv7-m\libcr_c.a(initio.o) (setvbuf)
c:/nxp/lpcxpresso_8.2.2_650/lpcxpresso/tools/bin/../lib/gcc/arm-none-eabi/5.4.1/../../../../arm-none-eabi/lib/armv7-m\libcr_c.a(stdio.o)
                              c:/nxp/lpcxpresso_8.2.2_650/lpcxpresso/tools/bin/../lib/gcc/arm-none-eabi/5.4.1/../../../../arm-none-eabi/lib/armv7-m\libcr_c.a(fpprintf.o) (__Ciob)
c:/nxp/lpcxpresso_8.2.2_650/lpcxpresso/tools/bin/../lib/gcc/arm-none-eabi/5.4.1/../../../../arm-none-eabi/lib/armv7-m\libcr_c.a(strlen.o)
                              ./Primitivas/PR_DisplayMatricial.o (strlen)
c:/nxp/lpcxpresso_8.2.2_650/lpcxpresso/tools/bin/../lib/gcc/arm-none-eabi/5.4.1/../../../../arm-none-eabi/lib/armv7-m\libcr_c.a(ungetc.o)
                              c:/nxp/lpcxpresso_8.2.2_650/lpcxpresso/tools/bin/../lib/gcc/arm-none-eabi/5.4.1/../../../../arm-none-eabi/lib/armv7-m\libcr_c.a(scanf.o) (ungetc)
c:/nxp/lpcxpresso_8.2.2_650/lpcxpresso/tools/bin/../lib/gcc/arm-none-eabi/5.4.1/../../../../arm-none-eabi/lib/armv7-m\libcr_c.a(memset.o)
                              c:/nxp/lpcxpresso_8.2.2_650/lpcxpresso/tools/bin/../lib/gcc/arm-none-eabi/5.4.1/../../../../arm-none-eabi/lib/armv7-m\libcr_c.a(fpprintf.o) (memset)
c:/nxp/lpcxpresso_8.2.2_650/lpcxpresso/tools/bin/../lib/gcc/arm-none-eabi/5.4.1/../../../../arm-none-eabi/lib/armv7-m\libcr_c.a(__fillbuf.o)
                              c:/nxp/lpcxpresso_8.2.2_650/lpcxpresso/tools/bin/../lib/gcc/arm-none-eabi/5.4.1/../../../../arm-none-eabi/lib/armv7-m\libcr_c.a(scanf.o) (__filbuf)
c:/nxp/lpcxpresso_8.2.2_650/lpcxpresso/tools/bin/../lib/gcc/arm-none-eabi/5.4.1/../../../../arm-none-eabi/lib/armv7-m\libcr_c.a(_deferredlazyseek.o)
                              c:/nxp/lpcxpresso_8.2.2_650/lpcxpresso/tools/bin/../lib/gcc/arm-none-eabi/5.4.1/../../../../arm-none-eabi/lib/armv7-m\libcr_c.a(__fillbuf.o) (_deferredlazyseek)
c:/nxp/lpcxpresso_8.2.2_650/lpcxpresso/tools/bin/../lib/gcc/arm-none-eabi/5.4.1/../../../../arm-none-eabi/lib/armv7-m\libcr_c.a(_fdopen.o)
                              c:/nxp/lpcxpresso_8.2.2_650/lpcxpresso/tools/bin/../lib/gcc/arm-none-eabi/5.4.1/../../../../arm-none-eabi/lib/armv7-m\libcr_c.a(initio.o) (_fdopen)
c:/nxp/lpcxpresso_8.2.2_650/lpcxpresso/tools/bin/../lib/gcc/arm-none-eabi/5.4.1/../../../../arm-none-eabi/lib/armv7-m\libcr_c.a(_fflush.o)
                              c:/nxp/lpcxpresso_8.2.2_650/lpcxpresso/tools/bin/../lib/gcc/arm-none-eabi/5.4.1/../../../../arm-none-eabi/lib/armv7-m\libcr_c.a(__fillbuf.o) (_fflush)
c:/nxp/lpcxpresso_8.2.2_650/lpcxpresso/tools/bin/../lib/gcc/arm-none-eabi/5.4.1/../../../../arm-none-eabi/lib/armv7-m\libcr_c.a(_frexpl.o)
                              c:/nxp/lpcxpresso_8.2.2_650/lpcxpresso/tools/bin/../lib/gcc/arm-none-eabi/5.4.1/../../../../arm-none-eabi/lib/armv7-m\libcr_c.a(fpprintf.o) (_frexpl)
c:/nxp/lpcxpresso_8.2.2_650/lpcxpresso/tools/bin/../lib/gcc/arm-none-eabi/5.4.1/../../../../arm-none-eabi/lib/armv7-m\libcr_c.a(_hugeval.o)
                              c:/nxp/lpcxpresso_8.2.2_650/lpcxpresso/tools/bin/../lib/gcc/arm-none-eabi/5.4.1/../../../../arm-none-eabi/lib/armv7-m\libcr_c.a(scanf.o) (__huge_vall)
c:/nxp/lpcxpresso_8.2.2_650/lpcxpresso/tools/bin/../lib/gcc/arm-none-eabi/5.4.1/../../../../arm-none-eabi/lib/armv7-m\libcr_c.a(_ldexpl.o)
[...]
Memory Configuration

Name             Origin             Length             Attributes
MFlash512        0x00000000         0x00080000         xr
RamLoc32         0x10000000         0x00008000         xrw
RamAHB32         0x2007c000         0x00008000         xrw
*default*        0x00000000         0xffffffff

Linker script and memory map

LOAD ./Primitivas/PR_Display7Seg.o
LOAD ./Primitivas/PR_DisplayMatricial.o
LOAD ./Primitivas/PR_IO.o
LOAD ./Primitivas/PR_Serie.o
LOAD ./Primitivas/PR_Teclado.o
LOAD ./Primitivas/PR_Timer.o
LOAD ./Primitivas/PR_lcd.o
LOAD ./KitInfo2/KitInic.o
LOAD ./KitInfo2/KitInic_Expansiones.o
LOAD ./KitInfo2/UtilesInfo2.o
LOAD ./KitInfo2/cr_startup_lpc176x.o
LOAD ./Drivers/FW_ADC.o
LOAD ./Drivers/FW_DAC.o
LOAD ./Drivers/FW_Display7Seg.o
LOAD ./Drivers/FW_DisplayMatricial.o
LOAD ./Drivers/FW_EXP1IO.o
LOAD ./Drivers/FW_IO.o
LOAD ./Drivers/FW_LCD.o
LOAD ./Drivers/FW_RTC.o
LOAD ./Drivers/FW_Serie.o
LOAD ./Drivers/FW_Teclado.o
LOAD ./Drivers/FW_Timertick.o
LOAD ./Aplicacion/AP_Mensajes.o
LOAD ./Aplicacion/main.o
START GROUP
LOAD c:/nxp/lpcxpresso_8.2.2_650/lpcxpresso/tools/bin/../lib/gcc/arm-none-eabi/5.4.1/../../../../arm-none-eabi/lib/armv7-m\libcr_semihost.a
LOAD c:/nxp/lpcxpresso_8.2.2_650/lpcxpresso/tools/bin/../lib/gcc/arm-none-eabi/5.4.1/../../../../arm-none-eabi/lib/armv7-m\libcr_c.a
LOAD c:/nxp/lpcxpresso_8.2.2_650/lpcxpresso/tools/bin/../lib/gcc/arm-none-eabi/5.4.1/armv7-m\libcr_eabihelpers.a
END GROUP
                0x00000000                __base_MFlash512 = 0x0
                0x00000000                __base_Flash = 0x0
                0x00080000                __top_MFlash512 = 0x80000
                0x00080000                __top_Flash = 0x80000
                0x10000000                __base_RamLoc32 = 0x10000000
                0x10000000                __base_RAM = 0x10000000
                0x10008000                __top_RamLoc32 = 0x10008000
                0x10008000                __top_RAM = 0x10008000
                0x2007c000                __base_RamAHB32 = 0x2007c000
                0x2007c000                __base_RAM2 = 0x2007c000
                0x20084000                __top_RamAHB32 = 0x20084000
                0x20084000                __top_RAM2 = 0x20084000

.text           0x00000000     0x57a8
 FILL mask 0xff
                0x00000000                __vectors_start__ = ABSOLUTE (.)
 *(.isr_vector)
 .isr_vector    0x00000000       0xcc ./KitInfo2/cr_startup_lpc176x.o
                0x00000000                g_pfnVectors
                0x000000cc                . = ALIGN (0x4)
                0x000000cc                __section_table_start = .
                0x000000cc                __data_section_table = .
                0x000000cc        0x4 LONG 0x57a8 LOADADDR (.data)
                0x000000d0        0x4 LONG 0x10000000 ADDR (.data)
                0x000000d4        0x4 LONG 0xc SIZEOF (.data)
                0x000000d8        0x4 LONG 0x57a8 LOADADDR (.data_RAM2)
                0x000000dc        0x4 LONG 0x2007c000 ADDR (.data_RAM2)
                0x000000e0        0x4 LONG 0x0 SIZEOF (.data_RAM2)
                0x000000e4                __data_section_table_end = .
                0x000000e4                __bss_section_table = .
                0x000000e4        0x4 LONG 0x1000000c ADDR (.bss)
                0x000000e8        0x4 LONG 0x360 SIZEOF (.bss)
                0x000000ec        0x4 LONG 0x2007c000 ADDR (.bss_RAM2)
                0x000000f0        0x4 LONG 0x0 SIZEOF (.bss_RAM2)
                0x000000f4                __bss_section_table_end = .
                0x000000f4                __section_table_end = .
 *(.after_vectors*)
 .after_vectors
                0x000000f4      0x140 ./KitInfo2/cr_startup_lpc176x.o
                0x000000f4                data_init
                0x00000138                bss_init
                0x00000170                ResetISR
                0x000001e4                NMI_Handler
                0x000001ec                HardFault_Handler
                0x000001f4                MemManage_Handler
                0x000001fc                BusFault_Handler
                0x00000204                UsageFault_Handler
                0x0000020c                SVC_Handler
                0x00000214                DebugMon_Handler
                0x0000021c                PendSV_Handler
                0x0000022c                UART1_IRQHandler
                0x0000022c                EINT3_IRQHandler
                0x0000022c                CANActivity_IRQHandler
                0x0000022c                TIMER3_IRQHandler
                0x0000022c                USBActivity_IRQHandler
                0x0000022c                EINT2_IRQHandler
                0x0000022c                IntDefaultHandler
                0x0000022c                PLL0_IRQHandler
                0x0000022c                I2C0_IRQHandler
                0x0000022c                PLL1_IRQHandler
                0x0000022c                I2C1_IRQHandler
                0x0000022c                I2S_IRQHandler
                0x0000022c                I2C2_IRQHandler
                0x0000022c                TIMER0_IRQHandler
                0x0000022c                SPI_IRQHandler
                0x0000022c                RIT_IRQHandler
                0x0000022c                EINT1_IRQHandler
                0x0000022c                TIMER1_IRQHandler
                0x0000022c                UART2_IRQHandler
                0x0000022c                SSP1_IRQHandler
                0x0000022c                USB_IRQHandler
                0x0000022c                BOD_IRQHandler
                0x0000022c                PWM1_IRQHandler
                0x0000022c                WDT_IRQHandler
                0x0000022c                SSP0_IRQHandler
                0x0000022c                QEI_IRQHandler
                0x0000022c                EINT0_IRQHandler
                0x0000022c                CAN_IRQHandler
                0x0000022c                DMA_IRQHandler
                0x0000022c                TIMER2_IRQHandler
                0x0000022c                UART3_IRQHandler
                0x0000022c                MCPWM_IRQHandler
                0x0000022c                ENET_IRQHandler
 *(.text*)
 .text.Display  0x00000234       0x98 ./Primitivas/PR_Display7Seg.o
                0x00000234                Display
 .text.DisplayMatricial
                0x000002cc      0x138 ./Primitivas/PR_DisplayMatricial.o
                0x000002cc                DisplayMatricial
 .text.DisplayRotacion
                0x00000404       0x50 ./Primitivas/PR_DisplayMatricial.o
                0x00000404                DisplayRotacion
 .text.LEDs_Relays
                0x00000454       0x64 ./Primitivas/PR_IO.o
                0x00000454                LEDs_Relays
 .text.RGB_Buzzer
                0x000004b8       0x64 ./Primitivas/PR_IO.o
                0x000004b8                RGB_Buzzer
 .text.GetEntradas
                0x0000051c       0x18 ./Primitivas/PR_IO.o
                0x0000051c                GetEntradas
 .text.LEDs     0x00000534       0x60 ./Primitivas/PR_IO.o
                0x00000534                LEDs
 .text.PushTx   0x00000594       0x90 ./Primitivas/PR_Serie.o
                0x00000594                PushTx
 .text.PopTx    0x00000624       0x74 ./Primitivas/PR_Serie.o
                0x00000624                PopTx
 .text.PushRx   0x00000698       0x74 ./Primitivas/PR_Serie.o
                0x00000698                PushRx
 .text.PopRx    0x0000070c       0x74 ./Primitivas/PR_Serie.o
                0x0000070c                PopRx
 .text.EnviarString
                0x00000780       0x38 ./Primitivas/PR_Serie.o
                0x00000780                EnviarString
 .text.Teclas_GetKey
                0x000007b8       0x30 ./Primitivas/PR_Teclado.o
                0x000007b8                Teclas_GetKey
 .text.TimerStart
                0x000007e8       0x68 ./Primitivas/PR_Timer.o
                0x000007e8                TimerStart
 .text.TimerCheck
                0x00000850       0x60 ./Primitivas/PR_Timer.o
                0x00000850                TimerCheck
 .text.TimerEvent
                0x000008b0       0x48 ./Primitivas/PR_Timer.o
                0x000008b0                TimerEvent
 .text.DisplayLCD
                0x000008f8       0x6c ./Primitivas/PR_lcd.o
                0x000008f8                DisplayLCD
 .text.InicializarKit
                0x00000964       0x34 ./KitInfo2/KitInic.o
                0x00000964                InicializarKit
 .text.InitPLL  0x00000998      0x140 ./KitInfo2/KitInic.o
                0x00000998                InitPLL
 .text.InitGPIOs
                0x00000ad8      0x178 ./KitInfo2/KitInic.o
                0x00000ad8                InitGPIOs
 .text.InitEXP  0x00000c50        0xc ./KitInfo2/KitInic_Expansiones.o
                0x00000c50                InitEXP
 .text.InitDisplay
                0x00000c5c      0x134 ./KitInfo2/KitInic_Expansiones.o
                0x00000c5c                InitDisplay
 .text.SetPINSEL
                0x00000d90      0x25c ./KitInfo2/UtilesInfo2.o
                0x00000d90                SetPINSEL
 .text.SetDIR   0x00000fec       0x48 ./KitInfo2/UtilesInfo2.o
                0x00000fec                SetDIR
 .text.SetPIN   0x00001034       0x50 ./KitInfo2/UtilesInfo2.o
                0x00001034                SetPIN
 .text.GetPIN   0x00001084       0x2c ./KitInfo2/UtilesInfo2.o
                0x00001084                GetPIN
 .text.InitADC  0x000010b0       0x88 ./Drivers/FW_ADC.o
                0x000010b0                InitADC
 .text.ADC_IRQHandler
                0x00001138       0x64 ./Drivers/FW_ADC.o
                0x00001138                ADC_IRQHandler
 .text.InitDAC  0x0000119c       0x48 ./Drivers/FW_DAC.o
                0x0000119c                InitDAC
 .text.DAC_SetValue
                0x000011e4       0x28 ./Drivers/FW_DAC.o
                0x000011e4                DAC_SetValue
 .text.EX2_BarridoDisplay
                0x0000120c      0x1c0 ./Drivers/FW_Display7Seg.o
                0x0000120c                EX2_BarridoDisplay
 .text.BarridoSalidas
                0x000013cc      0x138 ./Drivers/FW_IO.o
                0x000013cc                BarridoSalidas
 .text.DriverTeclas
                0x00001504       0x20 ./Drivers/FW_IO.o
                0x00001504                DriverTeclas
 .text.DriverTeclasSW
                0x00001524       0x98 ./Drivers/FW_IO.o
                0x00001524                DriverTeclasSW
 .text.DriverTeclasHW
                0x000015bc       0x7c ./Drivers/FW_IO.o
                0x000015bc                DriverTeclasHW
 .text.Entradas_Debounce
                0x00001638       0xe0 ./Drivers/FW_IO.o
                0x00001638                Entradas_Debounce
 .text.InitLCD  0x00001718       0xc8 ./Drivers/FW_LCD.o
                0x00001718                InitLCD
 .text.ConfigLCD
                0x000017e0      0x11c ./Drivers/FW_LCD.o
                0x000017e0                ConfigLCD
 .text.PushLCD  0x000018fc       0xc4 ./Drivers/FW_LCD.o
                0x000018fc                PushLCD
 .text.PopLCD   0x000019c0       0x68 ./Drivers/FW_LCD.o
                0x000019c0                PopLCD
 .text.Dato_LCD
                0x00001a28       0xb0 ./Drivers/FW_LCD.o
                0x00001a28                Dato_LCD
 .text.InitRTC  0x00001ad8       0x40 ./Drivers/FW_RTC.o
                0x00001ad8                InitRTC
 .text.RTC_HabilitaIntIncremento
                0x00001b18       0x3c ./Drivers/FW_RTC.o
                0x00001b18                RTC_HabilitaIntIncremento
 .text.RTC_SetHoraFecha
                0x00001b54       0x74 ./Drivers/FW_RTC.o
                0x00001b54                RTC_SetHoraFecha
 .text.RTC_GetHoraFecha
                0x00001bc8       0x84 ./Drivers/FW_RTC.o
                0x00001bc8                RTC_GetHoraFecha
 .text.RTC_IRQHandler
                0x00001c4c       0x44 ./Drivers/FW_RTC.o
                0x00001c4c                RTC_IRQHandler
 .text.InitUART0
                0x00001c90       0x78 ./Drivers/FW_Serie.o
                0x00001c90                InitUART0
 .text.UART0_IRQHandler
                0x00001d08       0x68 ./Drivers/FW_Serie.o
                0x00001d08                UART0_IRQHandler
 .text.InitSystick
                0x00001d70       0x34 ./Drivers/FW_Timertick.o
                0x00001d70                InitSystick
 .text.SysTick_Handler
                0x00001da4       0x70 ./Drivers/FW_Timertick.o
                0x00001da4                SysTick_Handler
 .text.MensajesRX
                0x00001e14      0x62c ./Aplicacion/AP_Mensajes.o
                0x00001e14                MensajesRX
 .text.TransmitirExpansion
                0x00002440       0x24 ./Aplicacion/AP_Mensajes.o
                0x00002440                TransmitirExpansion
 .text.EstadoInicial
                0x00002464       0x68 ./Aplicacion/AP_Mensajes.o
                0x00002464                EstadoInicial
 .text.BaseBoard
                0x000024cc       0xc8 ./Aplicacion/AP_Mensajes.o
                0x000024cc                BaseBoard
 .text.Transmitir
                0x00002594       0x3c ./Aplicacion/AP_Mensajes.o
                0x00002594                Transmitir
 .text.Expansion2
                0x000025d0       0x24 ./Aplicacion/AP_Mensajes.o
                0x000025d0                Expansion2
 .text.main     0x000025f4       0x38 ./Aplicacion/main.o
                0x000025f4                main
 .text.__main   0x0000262c       0x14 c:/nxp/lpcxpresso_8.2.2_650/lpcxpresso/tools/bin/../lib/gcc/arm-none-eabi/5.4.1/../../../../arm-none-eabi/lib/armv7-m\libcr_semihost.a(_cr__main.o)
                0x0000262c                __CR_SEMIHOST
                0x0000262c                __main
 .text.fp_round
                0x00002640       0x4c c:/nxp/lpcxpresso_8.2.2_650/lpcxpresso/tools/bin/../lib/gcc/arm-none-eabi/5.4.1/../../../../arm-none-eabi/lib/armv7-m\libcr_c.a(fpprintf.o)
 .text.pr_dec.constprop.1
                0x0000268c       0x26 c:/nxp/lpcxpresso_8.2.2_650/lpcxpresso/tools/bin/../lib/gcc/arm-none-eabi/5.4.1/../../../../arm-none-eabi/lib/armv7-m\libcr_c.a(fpprintf.o)
 *fill*         0x000026b2        0x2 ff
 .text.sprintf  0x000026b4       0x6c c:/nxp/lpcxpresso_8.2.2_650/lpcxpresso/tools/bin/../lib/gcc/arm-none-eabi/5.4.1/../../../../arm-none-eabi/lib/armv7-m\libcr_c.a(fpprintf.o)
                0x000026b4                sprintf
 .text.fp_display
                0x00002720      0x8ec c:/nxp/lpcxpresso_8.2.2_650/lpcxpresso/tools/bin/../lib/gcc/arm-none-eabi/5.4.1/../../../../arm-none-eabi/lib/armv7-m\libcr_c.a(fpprintf.o)
 .text._initio  0x0000300c       0xa4 c:/nxp/lpcxpresso_8.2.2_650/lpcxpresso/tools/bin/../lib/gcc/arm-none-eabi/5.4.1/../../../../arm-none-eabi/lib/armv7-m\libcr_c.a(initio.o)
                0x0000300c                _initio
 .text.__vfprintf
                0x000030b0      0xd28 c:/nxp/lpcxpresso_8.2.2_650/lpcxpresso/tools/bin/../lib/gcc/arm-none-eabi/5.4.1/../../../../arm-none-eabi/lib/armv7-m\libcr_c.a(printf.o)
                0x000030b0                __vfprintf
 .text.ch_val   0x00003dd8       0x30 c:/nxp/lpcxpresso_8.2.2_650/lpcxpresso/tools/bin/../lib/gcc/arm-none-eabi/5.4.1/../../../../arm-none-eabi/lib/armv7-m\libcr_c.a(scanf.o)
 .text._strtoul
                0x00003e08       0xbc c:/nxp/lpcxpresso_8.2.2_650/lpcxpresso/tools/bin/../lib/gcc/arm-none-eabi/5.4.1/../../../../arm-none-eabi/lib/armv7-m\libcr_c.a(scanf.o)
 .text.strtol   0x00003ec4       0x7c c:/nxp/lpcxpresso_8.2.2_650/lpcxpresso/tools/bin/../lib/gcc/arm-none-eabi/5.4.1/../../../../arm-none-eabi/lib/armv7-m\libcr_c.a(scanf.o)
                0x00003ec4                strtol
 .text.atoi     0x00003f40       0x18 c:/nxp/lpcxpresso_8.2.2_650/lpcxpresso/tools/bin/../lib/gcc/arm-none-eabi/5.4.1/../../../../arm-none-eabi/lib/armv7-m\libcr_c.a(scanf.o)
                0x00003f40                atoi
 .text.setvbuf  0x00003f58       0x40 c:/nxp/lpcxpresso_8.2.2_650/lpcxpresso/tools/bin/../lib/gcc/arm-none-eabi/5.4.1/../../../../arm-none-eabi/lib/armv7-m\libcr_c.a(setvbuf.o)
                0x00003f58                setvbuf
 .text.strlen   0x00003f98       0x4a c:/nxp/lpcxpresso_8.2.2_650/lpcxpresso/tools/bin/../lib/gcc/arm-none-eabi/5.4.1/../../../../arm-none-eabi/lib/armv7-m\libcr_c.a(strlen.o)
                0x00003f98                strlen
 .text.memset   0x00003fe2        0x4 c:/nxp/lpcxpresso_8.2.2_650/lpcxpresso/tools/bin/../lib/gcc/arm-none-eabi/5.4.1/../../../../arm-none-eabi/lib/armv7-m\libcr_c.a(memset.o)
                0x00003fe2                memset
 .text._deferredlazyseek
                0x00003fe6       0x44 c:/nxp/lpcxpresso_8.2.2_650/lpcxpresso/tools/bin/../lib/gcc/arm-none-eabi/5.4.1/../../../../arm-none-eabi/lib/armv7-m\libcr_c.a(_deferredlazyseek.o)
                0x00003fe6                _deferredlazyseek
 .text.__flsbuf
                0x0000402a      0x140 c:/nxp/lpcxpresso_8.2.2_650/lpcxpresso/tools/bin/../lib/gcc/arm-none-eabi/5.4.1/../../../../arm-none-eabi/lib/armv7-m\libcr_c.a(_deferredlazyseek.o)
                0x0000402a                __flsbuf
 .text._fdopen  0x0000416a       0x6a c:/nxp/lpcxpresso_8.2.2_650/lpcxpresso/tools/bin/../lib/gcc/arm-none-eabi/5.4.1/../../../../arm-none-eabi/lib/armv7-m\libcr_c.a(_fdopen.o)
                0x0000416a                _fdopen
 .text._fflush  0x000041d4       0x58 c:/nxp/lpcxpresso_8.2.2_650/lpcxpresso/tools/bin/../lib/gcc/arm-none-eabi/5.4.1/../../../../arm-none-eabi/lib/armv7-m\libcr_c.a(_fflush.o)
                0x000041d4                _fflush
 .text._frexpl  0x0000422c       0x5a c:/nxp/lpcxpresso_8.2.2_650/lpcxpresso/tools/bin/../lib/gcc/arm-none-eabi/5.4.1/../../../../arm-none-eabi/lib/armv7-m\libcr_c.a(_frexpl.o)
                0x0000422c                _frexpl
 *fill*         0x00004286        0x2 ff
 .text._ldexpl  0x00004288       0x4c c:/nxp/lpcxpresso_8.2.2_650/lpcxpresso/tools/bin/../lib/gcc/arm-none-eabi/5.4.1/../../../../arm-none-eabi/lib/armv7-m\libcr_c.a(_ldexpl.o)
                0x00004288                _ldexpl
 .text._Cwritebuf
                0x000042d4       0x68 c:/nxp/lpcxpresso_8.2.2_650/lpcxpresso/tools/bin/../lib/gcc/arm-none-eabi/5.4.1/../../../../arm-none-eabi/lib/armv7-m\libcr_c.a(_writebuf.o)
                0x000042d4                _Cwritebuf
 .text.malloc   0x0000433c       0xc8 c:/nxp/lpcxpresso_8.2.2_650/lpcxpresso/tools/bin/../lib/gcc/arm-none-eabi/5.4.1/../../../../arm-none-eabi/lib/armv7-m\libcr_c.a(alloc.o)
                0x0000433c                malloc
 .text.free     0x00004404       0x30 c:/nxp/lpcxpresso_8.2.2_650/lpcxpresso/tools/bin/../lib/gcc/arm-none-eabi/5.4.1/../../../../arm-none-eabi/lib/armv7-m\libcr_c.a(alloc.o)
                0x00004404                free
 .text._Csys_alloc
                0x00004434       0x20 c:/nxp/lpcxpresso_8.2.2_650/lpcxpresso/tools/bin/../lib/gcc/arm-none-eabi/5.4.1/../../../../arm-none-eabi/lib/armv7-m\libcr_c.a(alloc.o)
                0x00004434                _Csys_alloc
 .text.fclose   0x00004454       0x6c c:/nxp/lpcxpresso_8.2.2_650/lpcxpresso/tools/bin/../lib/gcc/arm-none-eabi/5.4.1/../../../../arm-none-eabi/lib/armv7-m\libcr_c.a(fclose.o)
                0x00004454                fclose
 .text.fflush   0x000044c0       0x30 c:/nxp/lpcxpresso_8.2.2_650/lpcxpresso/tools/bin/../lib/gcc/arm-none-eabi/5.4.1/../../../../arm-none-eabi/lib/armv7-m\libcr_c.a(fflush.o)
                0x000044c0                fflush
 .text.fseek    0x000044f0      0x110 c:/nxp/lpcxpresso_8.2.2_650/lpcxpresso/tools/bin/../lib/gcc/arm-none-eabi/5.4.1/../../../../arm-none-eabi/lib/armv7-m\libcr_c.a(fseek.o)
                0x000044f0                fseek
 .text.ftell    0x00004600       0x4c c:/nxp/lpcxpresso_8.2.2_650/lpcxpresso/tools/bin/../lib/gcc/arm-none-eabi/5.4.1/../../../../arm-none-eabi/lib/armv7-m\libcr_c.a(ftell.o)
                0x00004600                ftell
 .text.remove   0x0000464c       0x14 c:/nxp/lpcxpresso_8.2.2_650/lpcxpresso/tools/bin/../lib/gcc/arm-none-eabi/5.4.1/../../../../arm-none-eabi/lib/armv7-m\libcr_c.a(remove.o)
                0x0000464c                remove
 .text._sbrk    0x00004660       0x40 c:/nxp/lpcxpresso_8.2.2_650/lpcxpresso/tools/bin/../lib/gcc/arm-none-eabi/5.4.1/../../../../arm-none-eabi/lib/armv7-m\libcr_c.a(_cr_sbrk.o)
                0x00004660                _sbrk
 .text._do_fflush
                0x000046a0       0x44 c:/nxp/lpcxpresso_8.2.2_650/lpcxpresso/tools/bin/../lib/gcc/arm-none-eabi/5.4.1/../../../../arm-none-eabi/lib/armv7-m\libcr_c.a(_do_fflush.o)
                0x000046a0                _do_fflush
 .text.__check_heap_overflow
                0x000046e4       0x18 c:/nxp/lpcxpresso_8.2.2_650/lpcxpresso/tools/bin/../lib/gcc/arm-none-eabi/5.4.1/../../../../arm-none-eabi/lib/armv7-m\libcr_c.a(_cr_check_heap.o)
                0x000046e4                __check_heap_overflow
 .text.__aeabi_dmul
                0x000046fc      0x110 c:/nxp/lpcxpresso_8.2.2_650/lpcxpresso/tools/bin/../lib/gcc/arm-none-eabi/5.4.1/armv7-m\libcr_eabihelpers.a(double.o)
                0x000046fc                __aeabi_dmul
 .text.__aeabi_ddiv
                0x0000480c      0x138 c:/nxp/lpcxpresso_8.2.2_650/lpcxpresso/tools/bin/../lib/gcc/arm-none-eabi/5.4.1/armv7-m\libcr_eabihelpers.a(double.o)
                0x0000480c                __aeabi_ddiv
 .text.__aeabi_dsub
                0x00004944      0x1a0 c:/nxp/lpcxpresso_8.2.2_650/lpcxpresso/tools/bin/../lib/gcc/arm-none-eabi/5.4.1/armv7-m\libcr_eabihelpers.a(double.o)
                0x00004944                __aeabi_dsub
 .text.__aeabi_dadd
                0x00004ae4      0x10c c:/nxp/lpcxpresso_8.2.2_650/lpcxpresso/tools/bin/../lib/gcc/arm-none-eabi/5.4.1/armv7-m\libcr_eabihelpers.a(double.o)
                0x00004ae4                __aeabi_dadd
 .text.__aeabi_d2iz
                0x00004bf0       0x40 c:/nxp/lpcxpresso_8.2.2_650/lpcxpresso/tools/bin/../lib/gcc/arm-none-eabi/5.4.1/armv7-m\libcr_eabihelpers.a(double.o)
                0x00004bf0                __aeabi_d2iz
 .text.__bhs_ui2d
                0x00004c30       0x46 c:/nxp/lpcxpresso_8.2.2_650/lpcxpresso/tools/bin/../lib/gcc/arm-none-eabi/5.4.1/armv7-m\libcr_eabihelpers.a(double.o)
                0x00004c30                __bhs_ui2d
 .text.__aeabi_i2d
                0x00004c76       0x10 c:/nxp/lpcxpresso_8.2.2_650/lpcxpresso/tools/bin/../lib/gcc/arm-none-eabi/5.4.1/armv7-m\libcr_eabihelpers.a(double.o)
                0x00004c76                __aeabi_i2d
 .text.__aeabi_dcmpeq
                0x00004c86       0x2c c:/nxp/lpcxpresso_8.2.2_650/lpcxpresso/tools/bin/../lib/gcc/arm-none-eabi/5.4.1/armv7-m\libcr_eabihelpers.a(double.o)
                0x00004c86                __aeabi_dcmpeq
 .text.__aeabi_dcmplt
                0x00004cb2       0x54 c:/nxp/lpcxpresso_8.2.2_650/lpcxpresso/tools/bin/../lib/gcc/arm-none-eabi/5.4.1/armv7-m\libcr_eabihelpers.a(double.o)
                0x00004cb2                __aeabi_dcmplt
 .text.__aeabi_dcmple
                0x00004d06       0x54 c:/nxp/lpcxpresso_8.2.2_650/lpcxpresso/tools/bin/../lib/gcc/arm-none-eabi/5.4.1/armv7-m\libcr_eabihelpers.a(double.o)
                0x00004d06                __aeabi_dcmple
 .text.__aeabi_dcmpge
                0x00004d5a       0x54 c:/nxp/lpcxpresso_8.2.2_650/lpcxpresso/tools/bin/../lib/gcc/arm-none-eabi/5.4.1/armv7-m\libcr_eabihelpers.a(double.o)
                0x00004d5a                __aeabi_dcmpge
 .text.__aeabi_memset_lowlevel
                0x00004dae       0x32 c:/nxp/lpcxpresso_8.2.2_650/lpcxpresso/tools/bin/../lib/gcc/arm-none-eabi/5.4.1/armv7-m\libcr_eabihelpers.a(memcpy.o)
                0x00004dae                __aeabi_lowlevel_memset
 .text.__sys_appexit
                0x00004de0        0xc c:/nxp/lpcxpresso_8.2.2_650/lpcxpresso/tools/bin/../lib/gcc/arm-none-eabi/5.4.1/../../../../arm-none-eabi/lib/armv7-m\libcr_semihost.a(__sys_appexit.o)
                0x00004de0                __sys_appexit
                0x00004de0                __exit
 .text.__sys_close
                0x00004dec        0xc c:/nxp/lpcxpresso_8.2.2_650/lpcxpresso/tools/bin/../lib/gcc/arm-none-eabi/5.4.1/../../../../arm-none-eabi/lib/armv7-m\libcr_semihost.a(__sys_close.o)
                0x00004dec                __sys_close
 .text.__sys_flen
                0x00004df8        0xc c:/nxp/lpcxpresso_8.2.2_650/lpcxpresso/tools/bin/../lib/gcc/arm-none-eabi/5.4.1/../../../../arm-none-eabi/lib/armv7-m\libcr_semihost.a(__sys_flen.o)
                0x00004df8                __sys_flen
 .text.__sys_istty
                0x00004e04        0xc c:/nxp/lpcxpresso_8.2.2_650/lpcxpresso/tools/bin/../lib/gcc/arm-none-eabi/5.4.1/../../../../arm-none-eabi/lib/armv7-m\libcr_semihost.a(__sys_istty.o)
                0x00004e04                __sys_istty
 .text.__sys_remove
                0x00004e10        0xc c:/nxp/lpcxpresso_8.2.2_650/lpcxpresso/tools/bin/../lib/gcc/arm-none-eabi/5.4.1/../../../../arm-none-eabi/lib/armv7-m\libcr_semihost.a(__sys_remove.o)
                0x00004e10                __sys_remove
 .text.__sys_seek
                0x00004e1c        0xc c:/nxp/lpcxpresso_8.2.2_650/lpcxpresso/tools/bin/../lib/gcc/arm-none-eabi/5.4.1/../../../../arm-none-eabi/lib/armv7-m\libcr_semihost.a(__sys_seek.o)
                0x00004e1c                __sys_seek
 .text.__sys_tmpnam
                0x00004e28        0xc c:/nxp/lpcxpresso_8.2.2_650/lpcxpresso/tools/bin/../lib/gcc/arm-none-eabi/5.4.1/../../../../arm-none-eabi/lib/armv7-m\libcr_semihost.a(__sys_tmpnam.o)
                0x00004e28                __sys_tmpnam
 .text.__sys_write
                0x00004e34        0xc c:/nxp/lpcxpresso_8.2.2_650/lpcxpresso/tools/bin/../lib/gcc/arm-none-eabi/5.4.1/../../../../arm-none-eabi/lib/armv7-m\libcr_semihost.a(__sys_write.o)
                0x00004e34                __sys_write
                0x00004e34                __write
 *(.rodata .rodata.* .constdata .constdata.*)
 .rodata.MatrizCaracteres
                0x00004e40      0x700 ./Primitivas/PR_DisplayMatricial.o
                0x00004e40                MatrizCaracteres
 .rodata.tabla_BCD_7seg
                0x00005540        0xa ./Drivers/FW_Display7Seg.o
                0x00005540                tabla_BCD_7seg
 *fill*         0x0000554a        0x2 ff
 .rodata        0x0000554c       0x51 ./Aplicacion/AP_Mensajes.o
 .rodata.str1.1
                0x0000559d       0x34 c:/nxp/lpcxpresso_8.2.2_650/lpcxpresso/tools/bin/../lib/gcc/arm-none-eabi/5.4.1/../../../../arm-none-eabi/lib/armv7-m\libcr_c.a(fpprintf.o)
                                 0x35 (size before relaxing)
 .rodata.str1.1
                0x000055d1        0x4 c:/nxp/lpcxpresso_8.2.2_650/lpcxpresso/tools/bin/../lib/gcc/arm-none-eabi/5.4.1/../../../../arm-none-eabi/lib/armv7-m\libcr_c.a(initio.o)
 .rodata.str1.1
                0x000055d5       0x31 c:/nxp/lpcxpresso_8.2.2_650/lpcxpresso/tools/bin/../lib/gcc/arm-none-eabi/5.4.1/../../../../arm-none-eabi/lib/armv7-m\libcr_c.a(printf.o)
                                 0x38 (size before relaxing)
 *fill*         0x00005606        0x2 ff
 .rodata.__huge_vall
                0x00005608        0x8 c:/nxp/lpcxpresso_8.2.2_650/lpcxpresso/tools/bin/../lib/gcc/arm-none-eabi/5.4.1/../../../../arm-none-eabi/lib/armv7-m\libcr_c.a(_hugeval.o)
                0x00005608                __huge_vall
 .rodata.str1.1
                0x00005610       0x18 c:/nxp/lpcxpresso_8.2.2_650/lpcxpresso/tools/bin/../lib/gcc/arm-none-eabi/5.4.1/../../../../arm-none-eabi/lib/armv7-m\libcr_c.a(alloc.o)
 .rodata.__ctype
                0x00005628      0x180 c:/nxp/lpcxpresso_8.2.2_650/lpcxpresso/tools/bin/../lib/gcc/arm-none-eabi/5.4.1/../../../../arm-none-eabi/lib/armv7-m\libcr_c.a(ctype.o)
                0x00005628                __ctype
                0x000057a8                . = ALIGN (0x4)

.glue_7         0x000057a8        0x0
 .glue_7        0x000057a8        0x0 linker stubs

.glue_7t        0x000057a8        0x0
 .glue_7t       0x000057a8        0x0 linker stubs

.vfp11_veneer   0x000057a8        0x0
 .vfp11_veneer  0x000057a8        0x0 linker stubs

.v4_bx          0x000057a8        0x0
 .v4_bx         0x000057a8        0x0 linker stubs

.iplt           0x000057a8        0x0
 .iplt          0x000057a8        0x0 ./Primitivas/PR_Display7Seg.o

.rel.dyn        0x000057a8        0x0
 .rel.iplt      0x000057a8        0x0 ./Primitivas/PR_Display7Seg.o

.ARM.extab
 *(.ARM.extab* .gnu.linkonce.armextab.*)
                0x000057a8                __exidx_start = .

.ARM.exidx
 *(.ARM.exidx* .gnu.linkonce.armexidx.*)
                0x000057a8                __exidx_end = .
                0x000057a8                _etext = .

.data_RAM2      0x2007c000        0x0 load address 0x000057a8
 FILL mask 0xff
                [!provide]                PROVIDE (__start_data_RAM2, .)
 *(.ramfunc.$RAM2)
 *(.ramfunc.$RamAHB32)
 *(.data.$RAM2*)
 *(.data.$RamAHB32*)
                0x2007c000                . = ALIGN (0x4)
                [!provide]                PROVIDE (__end_data_RAM2, .)

.uninit_RESERVED
                0x10000000        0x0
 *(.bss.$RESERVED*)
                0x10000000                . = ALIGN (0x4)
                0x10000000                _end_uninit_RESERVED = .

.data           0x10000000        0xc load address 0x000057a8
 FILL mask 0xff
                0x10000000                _data = .
 *(vtable)
 *(.ramfunc*)
 *(.data*)
 .data.tx_buffer_empty
                0x10000000        0x1 ./Primitivas/PR_Serie.o
                0x10000000                tx_buffer_empty
 .data.rx_buffer_empty
                0x10000001        0x1 ./Primitivas/PR_Serie.o
                0x10000001                rx_buffer_empty
 .data.codigoAnterior.3774
                0x10000002        0x1 ./Drivers/FW_IO.o
 *fill*         0x10000003        0x1 ff
 .data.centesimas.3828
                0x10000004        0x4 ./Drivers/FW_Timertick.o
 .data.decimas.3829
                0x10000008        0x4 ./Drivers/FW_Timertick.o
                0x1000000c                . = ALIGN (0x4)
                0x1000000c                _edata = .

.igot.plt       0x1000000c        0x0 load address 0x000057b4
 .igot.plt      0x1000000c        0x0 ./Primitivas/PR_Display7Seg.o

.bss_RAM2       0x2007c000        0x0
                [!provide]                PROVIDE (__start_bss_RAM2, .)
 *(.bss.$RAM2*)
 *(.bss.$RamAHB32*)
                0x2007c000                . = ALIGN ((. != 0x0)?0x4:0x1)
                [!provide]                PROVIDE (__end_bss_RAM2, .)

.bss            0x1000000c      0x360
                0x1000000c                _bss = .
 *(.bss*)
 .bss.tx_buffer_full
                0x1000000c        0x1 ./Primitivas/PR_Serie.o
                0x1000000c                tx_buffer_full
 .bss.rx_buffer_full
                0x1000000d        0x1 ./Primitivas/PR_Serie.o
                0x1000000d                rx_buffer_full
 *fill*         0x1000000e        0x2 
 .bss.promedio.3726
                0x10000010        0x4 ./Drivers/FW_ADC.o
 .bss.cont.3727
                0x10000014        0x4 ./Drivers/FW_ADC.o
 .bss.digito.3744
                0x10000018        0x1 ./Drivers/FW_Display7Seg.o
 .bss.estadosEstables.3775
                0x10000019        0x1 ./Drivers/FW_IO.o
 *fill*         0x1000001a        0x2 
 .bss.contador_estados.3785
                0x1000001c        0x2 ./Drivers/FW_IO.o
 .bss.f_tick_rtc
                0x1000001e        0x1 ./Drivers/FW_RTC.o
                0x1000001e                f_tick_rtc
 .bss.f_alarma  0x1000001f        0x1 ./Drivers/FW_RTC.o
                0x1000001f                f_alarma
 .bss.espera.4366
                0x10000020        0x1 ./Aplicacion/AP_Mensajes.o
 .bss.inx.4364  0x10000021        0x1 ./Aplicacion/AP_Mensajes.o
 *fill*         0x10000022        0x2 
 .bss.msg.4363  0x10000024       0x14 ./Aplicacion/AP_Mensajes.o
 .bss.entradas_anterior.4416
                0x10000038        0x1 ./Aplicacion/AP_Mensajes.o
 *fill*         0x10000039        0x3 
 .bss._extra    0x1000003c        0x4 c:/nxp/lpcxpresso_8.2.2_650/lpcxpresso/tools/bin/../lib/gcc/arm-none-eabi/5.4.1/../../../../arm-none-eabi/lib/armv7-m\libcr_c.a(initio.o)
                0x1000003c                _extra
 .bss.__Ciob    0x10000040      0x140 c:/nxp/lpcxpresso_8.2.2_650/lpcxpresso/tools/bin/../lib/gcc/arm-none-eabi/5.4.1/../../../../arm-none-eabi/lib/armv7-m\libcr_c.a(stdio.o)
                0x10000040                __Ciob
 .bss.errno     0x10000180        0x4 c:/nxp/lpcxpresso_8.2.2_650/lpcxpresso/tools/bin/../lib/gcc/arm-none-eabi/5.4.1/../../../../arm-none-eabi/lib/armv7-m\libcr_c.a(errno.o)
                0x10000180                errno
 .bss.__heaps   0x10000184        0x4 c:/nxp/lpcxpresso_8.2.2_650/lpcxpresso/tools/bin/../lib/gcc/arm-none-eabi/5.4.1/../../../../arm-none-eabi/lib/armv7-m\libcr_c.a(__init_alloc.o)
                0x10000184                __heaps
 .bss.__end_of_heap
                0x10000188        0x4 c:/nxp/lpcxpresso_8.2.2_650/lpcxpresso/tools/bin/../lib/gcc/arm-none-eabi/5.4.1/../../../../arm-none-eabi/lib/armv7-m\libcr_c.a(__init_alloc.o)
                0x10000188                __end_of_heap
 *(COMMON)
 COMMON         0x1000018c       0x90 ./Primitivas/PR_DisplayMatricial.o
                0x1000018c                Matricial_msglen
                0x10000190                EX4_BufferDisplay
 COMMON         0x1000021c       0x49 ./Primitivas/PR_Serie.o
                0x1000021c                rx_out
                0x10000220                bufferRx
                0x10000240                tx_out
                0x10000241                tx_in
                0x10000244                bufferTx
                0x10000264                rx_in
 *fill*         0x10000265        0x3 
 COMMON         0x10000268        0xc ./Primitivas/PR_Timer.o
                0x10000268                Handlers
                0x1000026c                Events
                0x10000270                TimerRun
 COMMON         0x10000274        0x2 ./Drivers/FW_ADC.o
                0x10000274                ADC_ValorMedido
 *fill*         0x10000276        0x2 
 COMMON         0x10000278        0x6 ./Drivers/FW_Display7Seg.o
                0x10000278                Digitos
 *fill*         0x1000027e        0x2 
 COMMON         0x10000280       0x28 ./Drivers/FW_DisplayMatricial.o
                0x10000280                ticks_matricial
                0x10000284                recarga_ticks_matricial
                0x10000288                matricial_modo_rotacion
                0x1000028c                EX4_BufferMatriz
 COMMON         0x100002a8        0x4 ./Drivers/FW_EXP1IO.o
                0x100002a8                BufferLED
                0x100002aa                EntradasDIP
 COMMON         0x100002ac        0xa ./Drivers/FW_IO.o
                0x100002ac                EntradasDigitales
                0x100002b0                Teclas_Key
                0x100002b4                BufferLED_Relay
                0x100002b5                BufferRGB_Buzzer
 *fill*         0x100002b6        0x2 
 COMMON         0x100002b8       0xb0 ./Drivers/FW_LCD.o
                0x100002b8                Buffer_LCD
                0x10000358                cantidadColaLCD
                0x1000035c                inxInLCD
                0x10000360                inxOutLCD
                0x10000364                Demora_LCD
 COMMON         0x10000368        0x1 ./Drivers/FW_Serie.o
                0x10000368                txStart
                0x1000036c                . = ALIGN (0x4)
 *fill*         0x10000369        0x3 
                0x1000036c                _ebss = .
                [!provide]                PROVIDE (end, .)

.noinit_RAM2    0x2007c000        0x0
 *(.noinit.$RAM2*)
 *(.noinit.$RamAHB32*)
                0x2007c000                . = ALIGN (0x4)

.noinit         0x1000036c        0x0
                0x1000036c                _noinit = .
 *(.noinit*)
                0x1000036c                . = ALIGN (0x4)
                0x1000036c                _end_noinit = .
                0x1000036c                PROVIDE (_pvHeapStart, DEFINED (__user_heap_base)?__user_heap_base:.)
                0x10008000                PROVIDE (_vStackTop, DEFINED (__user_stack_top)?__user_stack_top:(__top_RamLoc32 - 0x0))
                [!provide]                PROVIDE (__valid_user_code_checksum, (0x0 - ((((((_vStackTop + (ResetISR + 0x1)) + (NMI_Handler + 0x1)) + (HardFault_Handler + 0x1)) + (DEFINED (MemManage_Handler)?MemManage_Handler:0x0 + 0x1)) + (DEFINED (BusFault_Handler)?BusFault_Handler:0x0 + 0x1)) + (DEFINED (UsageFault_Handler)?UsageFault_Handler:0x0 + 0x1))))
OUTPUT(Serial-Qt.axf elf32-littlearm)

.comment        0x00000000       0xdc
 .comment       0x00000000       0x6e ./Primitivas/PR_Display7Seg.o
                                 0x6f (size before relaxing)
 .comment       0x0000006e       0x6f ./Primitivas/PR_DisplayMatricial.o
 .comment       0x0000006e       0x6f ./Primitivas/PR_IO.o
 .comment       0x0000006e       0x6f ./Primitivas/PR_Serie.o
 .comment       0x0000006e       0x6f ./Primitivas/PR_Teclado.o
 .comment       0x0000006e       0x6f ./Primitivas/PR_Timer.o
 .comment       0x0000006e       0x6f ./Primitivas/PR_lcd.o
 .comment       0x0000006e       0x6f ./KitInfo2/KitInic.o
 .comment       0x0000006e       0x6f ./KitInfo2/KitInic_Expansiones.o
 .comment       0x0000006e       0x6f ./KitInfo2/UtilesInfo2.o
 .comment       0x0000006e       0x6f ./KitInfo2/cr_startup_lpc176x.o
 .comment       0x0000006e       0x6f ./Drivers/FW_ADC.o
 .comment       0x0000006e       0x6f ./Drivers/FW_DAC.o
 .comment       0x0000006e       0x6f ./Drivers/FW_Display7Seg.o
 .comment       0x0000006e       0x6f ./Drivers/FW_DisplayMatricial.o
 .comment       0x0000006e       0x6f ./Drivers/FW_EXP1IO.o
 .comment       0x0000006e       0x6f ./Drivers/FW_IO.o
 .comment       0x0000006e       0x6f ./Drivers/FW_LCD.o
 .comment       0x0000006e       0x6f ./Drivers/FW_RTC.o
 .comment       0x0000006e       0x6f ./Drivers/FW_Serie.o
 .comment       0x0000006e       0x6f ./Drivers/FW_Timertick.o
 .comment       0x0000006e       0x6f ./Aplicacion/AP_Mensajes.o
 .comment       0x0000006e       0x6f ./Aplicacion/main.o
 .comment       0x0000006e       0x6e c:/nxp/lpcxpresso_8.2.2_650/lpcxpresso/tools/bin/../lib/gcc/arm-none-eabi/5.4.1/../../../../arm-none-eabi/lib/armv7-m\libcr_semihost.a(_cr__main.o)
                                 0x6f (size before relaxing)
 .comment       0x000000dc       0x6f c:/nxp/lpcxpresso_8.2.2_650/lpcxpresso/tools/bin/../lib/gcc/arm-none-eabi/5.4.1/../../../../arm-none-eabi/lib/armv7-m\libcr_c.a(fpprintf.o)
 .comment       0x000000dc       0x6f c:/nxp/lpcxpresso_8.2.2_650/lpcxpresso/tools/bin/../lib/gcc/arm-none-eabi/5.4.1/../../../../arm-none-eabi/lib/armv7-m\libcr_c.a(initio.o)
 .comment       0x000000dc       0x6f c:/nxp/lpcxpresso_8.2.2_650/lpcxpresso/tools/bin/../lib/gcc/arm-none-eabi/5.4.1/../../../../arm-none-eabi/lib/armv7-m\libcr_c.a(printf.o)
 .comment       0x000000dc       0x6f c:/nxp/lpcxpresso_8.2.2_650/lpcxpresso/tools/bin/../lib/gcc/arm-none-eabi/5.4.1/../../../../arm-none-eabi/lib/armv7-m\libcr_c.a(scanf.o)
 .comment       0x000000dc       0x6f c:/nxp/lpcxpresso_8.2.2_650/lpcxpresso/tools/bin/../lib/gcc/arm-none-eabi/5.4.1/../../../../arm-none-eabi/lib/armv7-m\libcr_c.a(setvbuf.o)
 .comment       0x000000dc       0x6f c:/nxp/lpcxpresso_8.2.2_650/lpcxpresso/tools/bin/../lib/gcc/arm-none-eabi/5.4.1/../../../../arm-none-eabi/lib/armv7-m\libcr_c.a(stdio.o)
 .comment       0x000000dc       0x6f c:/nxp/lpcxpresso_8.2.2_650/lpcxpresso/tools/bin/../lib/gcc/arm-none-eabi/5.4.1/../../../../arm-none-eabi/lib/armv7-m\libcr_c.a(strlen.o)
 .comment       0x000000dc       0x6f c:/nxp/lpcxpresso_8.2.2_650/lpcxpresso/tools/bin/../lib/gcc/arm-none-eabi/5.4.1/../../../../arm-none-eabi/lib/armv7-m\libcr_c.a(memset.o)
 .comment       0x000000dc       0x6f c:/nxp/lpcxpresso_8.2.2_650/lpcxpresso/tools/bin/../lib/gcc/arm-none-eabi/5.4.1/../../../../arm-none-eabi/lib/armv7-m\libcr_c.a(_deferredlazyseek.o)
 .comment       0x000000dc       0x6f c:/nxp/lpcxpresso_8.2.2_650/lpcxpresso/tools/bin/../lib/gcc/arm-none-eabi/5.4.1/../../../../arm-none-eabi/lib/armv7-m\libcr_c.a(_fdopen.o)
 .comment       0x000000dc       0x6f c:/nxp/lpcxpresso_8.2.2_650/lpcxpresso/tools/bin/../lib/gcc/arm-none-eabi/5.4.1/../../../../arm-none-eabi/lib/armv7-m\libcr_c.a(_fflush.o)
 .comment       0x000000dc       0x6f c:/nxp/lpcxpresso_8.2.2_650/lpcxpresso/tools/bin/../lib/gcc/arm-none-eabi/5.4.1/../../../../arm-none-eabi/lib/armv7-m\libcr_c.a(_frexpl.o)
 .comment       0x000000dc       0x6f c:/nxp/lpcxpresso_8.2.2_650/lpcxpresso/tools/bin/../lib/gcc/arm-none-eabi/5.4.1/../../../../arm-none-eabi/lib/armv7-m\libcr_c.a(_hugeval.o)
 .comment       0x000000dc       0x6f c:/nxp/lpcxpresso_8.2.2_650/lpcxpresso/tools/bin/../lib/gcc/arm-none-eabi/5.4.1/../../../../arm-none-eabi/lib/armv7-m\libcr_c.a(_ldexpl.o)
 .comment       0x000000dc       0x6f c:/nxp/lpcxpresso_8.2.2_650/lpcxpresso/tools/bin/../lib/gcc/arm-none-eabi/5.4.1/../../../../arm-none-eabi/lib/armv7-m\libcr_c.a(_writebuf.o)
 .comment       0x000000dc       0x6f c:/nxp/lpcxpresso_8.2.2_650/lpcxpresso/tools/bin/../lib/gcc/arm-none-eabi/5.4.1/../../../../arm-none-eabi/lib/armv7-m\libcr_c.a(alloc.o)
 .comment       0x000000dc       0x6f c:/nxp/lpcxpresso_8.2.2_650/lpcxpresso/tools/bin/../lib/gcc/arm-none-eabi/5.4.1/../../../../arm-none-eabi/lib/armv7-m\libcr_c.a(ctype.o)
 .comment       0x000000dc       0x6f c:/nxp/lpcxpresso_8.2.2_650/lpcxpresso/tools/bin/../lib/gcc/arm-none-eabi/5.4.1/../../../../arm-none-eabi/lib/armv7-m\libcr_c.a(errno.o)
 .comment       0x000000dc       0x6f c:/nxp/lpcxpresso_8.2.2_650/lpcxpresso/tools/bin/../lib/gcc/arm-none-eabi/5.4.1/../../../../arm-none-eabi/lib/armv7-m\libcr_c.a(fclose.o)
 .comment       0x000000dc       0x6f c:/nxp/lpcxpresso_8.2.2_650/lpcxpresso/tools/bin/../lib/gcc/arm-none-eabi/5.4.1/../../../../arm-none-eabi/lib/armv7-m\libcr_c.a(fflush.o)
 .comment       0x000000dc       0x6f c:/nxp/lpcxpresso_8.2.2_650/lpcxpresso/tools/bin/../lib/gcc/arm-none-eabi/5.4.1/../../../../arm-none-eabi/lib/armv7-m\libcr_c.a(fseek.o)
 .comment       0x000000dc       0x6f c:/nxp/lpcxpresso_8.2.2_650/lpcxpresso/tools/bin/../lib/gcc/arm-none-eabi/5.4.1/../../../../arm-none-eabi/lib/armv7-m\libcr_c.a(ftell.o)
 .comment       0x000000dc       0x6f c:/nxp/lpcxpresso_8.2.2_650/lpcxpresso/tools/bin/../lib/gcc/arm-none-eabi/5.4.1/../../../../arm-none-eabi/lib/armv7-m\libcr_c.a(remove.o)
 .comment       0x000000dc       0x6f c:/nxp/lpcxpresso_8.2.2_650/lpcxpresso/tools/bin/../lib/gcc/arm-none-eabi/5.4.1/../../../../arm-none-eabi/lib/armv7-m\libcr_c.a(__init_alloc.o)
 .comment       0x000000dc       0x6f c:/nxp/lpcxpresso_8.2.2_650/lpcxpresso/tools/bin/../lib/gcc/arm-none-eabi/5.4.1/../../../../arm-none-eabi/lib/armv7-m\libcr_c.a(_cr_sbrk.o)
 .comment       0x000000dc       0x6f c:/nxp/lpcxpresso_8.2.2_650/lpcxpresso/tools/bin/../lib/gcc/arm-none-eabi/5.4.1/../../../../arm-none-eabi/lib/armv7-m\libcr_c.a(_do_fflush.o)
 .comment       0x000000dc       0x6f c:/nxp/lpcxpresso_8.2.2_650/lpcxpresso/tools/bin/../lib/gcc/arm-none-eabi/5.4.1/../../../../arm-none-eabi/lib/armv7-m\libcr_c.a(_cr_check_heap.o)
 .comment       0x000000dc       0x6f c:/nxp/lpcxpresso_8.2.2_650/lpcxpresso/tools/bin/../lib/gcc/arm-none-eabi/5.4.1/armv7-m\libcr_eabihelpers.a(double.o)

.ARM.attributes
                0x00000000       0x31
 .ARM.attributes
                0x00000000       0x33 ./Primitivas/PR_Display7Seg.o
 .ARM.attributes
                0x00000033       0x33 ./Primitivas/PR_DisplayMatricial.o
 .ARM.attributes
                0x00000066       0x33 ./Primitivas/PR_IO.o
 .ARM.attributes
                0x00000099       0x33 ./Primitivas/PR_Serie.o
 .ARM.attributes
                0x000000cc       0x33 ./Primitivas/PR_Teclado.o
 .ARM.attributes
                0x000000ff       0x33 ./Primitivas/PR_Timer.o
 .ARM.attributes
                0x00000132       0x33 ./Primitivas/PR_lcd.o
 .ARM.attributes
                0x00000165       0x33 ./KitInfo2/KitInic.o
 .ARM.attributes
                0x00000198       0x33 ./KitInfo2/KitInic_Expansiones.o
 .ARM.attributes
                0x000001cb       0x33 ./KitInfo2/UtilesInfo2.o
 .ARM.attributes
                0x000001fe       0x33 ./KitInfo2/cr_startup_lpc176x.o
 .ARM.attributes
                0x00000231       0x33 ./Drivers/FW_ADC.o
 .ARM.attributes
                0x00000264       0x33 ./Drivers/FW_DAC.o
 .ARM.attributes
                0x00000297       0x33 ./Drivers/FW_Display7Seg.o
 .ARM.attributes
                0x000002ca       0x33 ./Drivers/FW_DisplayMatricial.o
 .ARM.attributes
                0x000002fd       0x33 ./Drivers/FW_EXP1IO.o
 .ARM.attributes
                0x00000330       0x33 ./Drivers/FW_IO.o
 .ARM.attributes
                0x00000363       0x33 ./Drivers/FW_LCD.o
 .ARM.attributes
                0x00000396       0x33 ./Drivers/FW_RTC.o
 .ARM.attributes
                0x000003c9       0x33 ./Drivers/FW_Serie.o
 .ARM.attributes
                0x000003fc       0x33 ./Drivers/FW_Timertick.o
 .ARM.attributes
                0x0000042f       0x33 ./Aplicacion/AP_Mensajes.o
 .ARM.attributes
                0x00000462       0x33 ./Aplicacion/main.o
 .ARM.attributes
                0x00000495       0x33 c:/nxp/lpcxpresso_8.2.2_650/lpcxpresso/tools/bin/../lib/gcc/arm-none-eabi/5.4.1/../../../../arm-none-eabi/lib/armv7-m\libcr_semihost.a(_cr__main.o)
 .ARM.attributes
                0x000004c8       0x33 c:/nxp/lpcxpresso_8.2.2_650/lpcxpresso/tools/bin/../lib/gcc/arm-none-eabi/5.4.1/../../../../arm-none-eabi/lib/armv7-m\libcr_c.a(fpprintf.o)
 .ARM.attributes
                0x000004fb       0x33 c:/nxp/lpcxpresso_8.2.2_650/lpcxpresso/tools/bin/../lib/gcc/arm-none-eabi/5.4.1/../../../../arm-none-eabi/lib/armv7-m\libcr_c.a(initio.o)
 .ARM.attributes
                0x0000052e       0x33 c:/nxp/lpcxpresso_8.2.2_650/lpcxpresso/tools/bin/../lib/gcc/arm-none-eabi/5.4.1/../../../../arm-none-eabi/lib/armv7-m\libcr_c.a(printf.o)
 .ARM.attributes
                0x00000561       0x33 c:/nxp/lpcxpresso_8.2.2_650/lpcxpresso/tools/bin/../lib/gcc/arm-none-eabi/5.4.1/../../../../arm-none-eabi/lib/armv7-m\libcr_c.a(scanf.o)
 .ARM.attributes
                0x00000594       0x33 c:/nxp/lpcxpresso_8.2.2_650/lpcxpresso/tools/bin/../lib/gcc/arm-none-eabi/5.4.1/../../../../arm-none-eabi/lib/armv7-m\libcr_c.a(setvbuf.o)
 .ARM.attributes
                0x000005c7       0x33 c:/nxp/lpcxpresso_8.2.2_650/lpcxpresso/tools/bin/../lib/gcc/arm-none-eabi/5.4.1/../../../../arm-none-eabi/lib/armv7-m\libcr_c.a(stdio.o)
 .ARM.attributes
                0x000005fa       0x33 c:/nxp/lpcxpresso_8.2.2_650/lpcxpresso/tools/bin/../lib/gcc/arm-none-eabi/5.4.1/../../../../arm-none-eabi/lib/armv7-m\libcr_c.a(strlen.o)
 .ARM.attributes
                0x0000062d       0x33 c:/nxp/lpcxpresso_8.2.2_650/lpcxpresso/tools/bin/../lib/gcc/arm-none-eabi/5.4.1/../../../../arm-none-eabi/lib/armv7-m\libcr_c.a(memset.o)
 .ARM.attributes
                0x00000660       0x33 c:/nxp/lpcxpresso_8.2.2_650/lpcxpresso/tools/bin/../lib/gcc/arm-none-eabi/5.4.1/../../../../arm-none-eabi/lib/armv7-m\libcr_c.a(_deferredlazyseek.o)
 .ARM.attributes
                0x00000693       0x33 c:/nxp/lpcxpresso_8.2.2_650/lpcxpresso/tools/bin/../lib/gcc/arm-none-eabi/5.4.1/../../../../arm-none-eabi/lib/armv7-m\libcr_c.a(_fdopen.o)
 .ARM.attributes
                0x000006c6       0x33 c:/nxp/lpcxpresso_8.2.2_650/lpcxpresso/tools/bin/../lib/gcc/arm-none-eabi/5.4.1/../../../../arm-none-eabi/lib/armv7-m\libcr_c.a(_fflush.o)
 .ARM.attributes
                0x000006f9       0x33 c:/nxp/lpcxpresso_8.2.2_650/lpcxpresso/tools/bin/../lib/gcc/arm-none-eabi/5.4.1/../../../../arm-none-eabi/lib/armv7-m\libcr_c.a(_frexpl.o)
 .ARM.attributes
                0x0000072c       0x33 c:/nxp/lpcxpresso_8.2.2_650/lpcxpresso/tools/bin/../lib/gcc/arm-none-eabi/5.4.1/../../../../arm-none-eabi/lib/armv7-m\libcr_c.a(_hugeval.o)
 .ARM.attributes
                0x0000075f       0x33 c:/nxp/lpcxpresso_8.2.2_650/lpcxpresso/tools/bin/../lib/gcc/arm-none-eabi/5.4.1/../../../../arm-none-eabi/lib/armv7-m\libcr_c.a(_ldexpl.o)
 .ARM.attributes
                0x00000792       0x33 c:/nxp/lpcxpresso_8.2.2_650/lpcxpresso/tools/bin/../lib/gcc/arm-none-eabi/5.4.1/../../../../arm-none-eabi/lib/armv7-m\libcr_c.a(_writebuf.o)
 .ARM.attributes
                0x000007c5       0x33 c:/nxp/lpcxpresso_8.2.2_650/lpcxpresso/tools/bin/../lib/gcc/arm-none-eabi/5.4.1/../../../../arm-none-eabi/lib/armv7-m\libcr_c.a(alloc.o)
 .ARM.attributes
                0x000007f8       0x33 c:/nxp/lpcxpresso_8.2.2_650/lpcxpresso/tools/bin/../lib/gcc/arm-none-eabi/5.4.1/../../../../arm-none-eabi/lib/armv7-m\libcr_c.a(ctype.o)
 .ARM.attributes
                0x0000082b       0x33 c:/nxp/lpcxpresso_8.2.2_650/lpcxpresso/tools/bin/../lib/gcc/arm-none-eabi/5.4.1/../../../../arm-none-eabi/lib/armv7-m\libcr_c.a(errno.o)
 .ARM.attributes
                0x0000085e       0x33 c:/nxp/lpcxpresso_8.2.2_650/lpcxpresso/tools/bin/../lib/gcc/arm-none-eabi/5.4.1/../../../../arm-none-eabi/lib/armv7-m\libcr_c.a(fclose.o)
 .ARM.attributes
                0x00000891       0x33 c:/nxp/lpcxpresso_8.2.2_650/lpcxpresso/tools/bin/../lib/gcc/arm-none-eabi/5.4.1/../../../../arm-none-eabi/lib/armv7-m\libcr_c.a(fflush.o)
 .ARM.attributes
                0x000008c4       0x33 c:/nxp/lpcxpresso_8.2.2_650/lpcxpresso/tools/bin/../lib/gcc/arm-none-eabi/5.4.1/../../../../arm-none-eabi/lib/armv7-m\libcr_c.a(fseek.o)
 .ARM.attributes
                0x000008f7       0x33 c:/nxp/lpcxpresso_8.2.2_650/lpcxpresso/tools/bin/../lib/gcc/arm-none-eabi/5.4.1/../../../../arm-none-eabi/lib/armv7-m\libcr_c.a(ftell.o)
 .ARM.attributes
                0x0000092a       0x33 c:/nxp/lpcxpresso_8.2.2_650/lpcxpresso/tools/bin/../lib/gcc/arm-none-eabi/5.4.1/../../../../arm-none-eabi/lib/armv7-m\libcr_c.a(remove.o)
 .ARM.attributes
                0x0000095d       0x33 c:/nxp/lpcxpresso_8.2.2_650/lpcxpresso/tools/bin/../lib/gcc/arm-none-eabi/5.4.1/../../../../arm-none-eabi/lib/armv7-m\libcr_c.a(__init_alloc.o)
 .ARM.attributes
                0x00000990       0x33 c:/nxp/lpcxpresso_8.2.2_650/lpcxpresso/tools/bin/../lib/gcc/arm-none-eabi/5.4.1/../../../../arm-none-eabi/lib/armv7-m\libcr_c.a(_cr_sbrk.o)
 .ARM.attributes
                0x000009c3       0x33 c:/nxp/lpcxpresso_8.2.2_650/lpcxpresso/tools/bin/../lib/gcc/arm-none-eabi/5.4.1/../../../../arm-none-eabi/lib/armv7-m\libcr_c.a(_do_fflush.o)
 .ARM.attributes
                0x000009f6       0x33 c:/nxp/lpcxpresso_8.2.2_650/lpcxpresso/tools/bin/../lib/gcc/arm-none-eabi/5.4.1/../../../../arm-none-eabi/lib/armv7-m\libcr_c.a(_cr_check_heap.o)
 .ARM.attributes
                0x00000a29       0x33 c:/nxp/lpcxpresso_8.2.2_650/lpcxpresso/tools/bin/../lib/gcc/arm-none-eabi/5.4.1/armv7-m\libcr_eabihelpers.a(double.o)
 .ARM.attributes
                0x00000a5c       0x21 c:/nxp/lpcxpresso_8.2.2_650/lpcxpresso/tools/bin/../lib/gcc/arm-none-eabi/5.4.1/armv7-m\libcr_eabihelpers.a(memcpy.o)
 .ARM.attributes
                0x00000a7d       0x21 c:/nxp/lpcxpresso_8.2.2_650/lpcxpresso/tools/bin/../lib/gcc/arm-none-eabi/5.4.1/../../../../arm-none-eabi/lib/armv7-m\libcr_semihost.a(__sys_appexit.o)
 .ARM.attributes
                0x00000a9e       0x21 c:/nxp/lpcxpresso_8.2.2_650/lpcxpresso/tools/bin/../lib/gcc/arm-none-eabi/5.4.1/../../../../arm-none-eabi/lib/armv7-m\libcr_semihost.a(__sys_close.o)
 .ARM.attributes
                0x00000abf       0x21 c:/nxp/lpcxpresso_8.2.2_650/lpcxpresso/tools/bin/../lib/gcc/arm-none-eabi/5.4.1/../../../../arm-none-eabi/lib/armv7-m\libcr_semihost.a(__sys_flen.o)
 .ARM.attributes
                0x00000ae0       0x21 c:/nxp/lpcxpresso_8.2.2_650/lpcxpresso/tools/bin/../lib/gcc/arm-none-eabi/5.4.1/../../../../arm-none-eabi/lib/armv7-m\libcr_semihost.a(__sys_istty.o)
 .ARM.attributes
                0x00000b01       0x21 c:/nxp/lpcxpresso_8.2.2_650/lpcxpresso/tools/bin/../lib/gcc/arm-none-eabi/5.4.1/../../../../arm-none-eabi/lib/armv7-m\libcr_semihost.a(__sys_remove.o)
 .ARM.attributes
                0x00000b22       0x21 c:/nxp/lpcxpresso_8.2.2_650/lpcxpresso/tools/bin/../lib/gcc/arm-none-eabi/5.4.1/../../../../arm-none-eabi/lib/armv7-m\libcr_semihost.a(__sys_seek.o)
 .ARM.attributes
                0x00000b43       0x21 c:/nxp/lpcxpresso_8.2.2_650/lpcxpresso/tools/bin/../lib/gcc/arm-none-eabi/5.4.1/../../../../arm-none-eabi/lib/armv7-m\libcr_semihost.a(__sys_tmpnam.o)
 .ARM.attributes
                0x00000b64       0x21 c:/nxp/lpcxpresso_8.2.2_650/lpcxpresso/tools/bin/../lib/gcc/arm-none-eabi/5.4.1/../../../../arm-none-eabi/lib/armv7-m\libcr_semihost.a(__sys_write.o)
